// Jest Snapshot v1, https://goo.gl/fbAQLP

exports[`should render ExpenseList with empty message 1`] = `
<div>
  <h1>
    Expense List
  </h1>
  <p>
    No expenses
  </p>
</div>
`;

exports[`should render ExpenseList with expenses 1`] = `
<div>
  <h1>
    Expense List
  </h1>
  <ExpenseListItem
    amount={27000}
    createdAt={0}
    description="Water bill"
    id="1"
    key="1"
    note=""
  />
  <ExpenseListItem
    amount={125000}
    createdAt={-345600000}
    description="Rent bill"
    id="2"
    key="2"
    note=""
  />
  <ExpenseListItem
    amount={4500}
    createdAt={345600000}
    description="Gaz bill"
    id="3"
    key="3"
    note=""
  />
</div>
`;
