// Jest Snapshot v1, https://goo.gl/fbAQLP

exports[`should render ExpenseListItem with an expense 1`] = `
<div>
  <Link
    replace={false}
    to="/edit/1"
  >
    <h3>
      Water bill
    </h3>
  </Link>
  <p>
    â‚¬270,00
    -
    1st January 1970
  </p>
</div>
`;
